=======================================
   fplll 5.5.0: tests/test-suite.log
=======================================

# TOTAL: 15
# PASS:  15
# SKIP:  0
# XFAIL: 0
# FAIL:  0
# XPASS: 0
# ERROR: 0

System information (uname -a): Linux 6.14.0-27-generic #27-Ubuntu SMP PREEMPT_DYNAMIC Tue Jul 22 17:01:58 UTC 2025 x86_64 x86_64 x86_64
Distribution information (/etc/os-release):
PRETTY_NAME="Ubuntu 25.04"
NAME="Ubuntu"
VERSION_ID="25.04"
VERSION="25.04 (Plucky Puffin)"
VERSION_CODENAME=plucky
ID=ubuntu
ID_LIKE=debian
HOME_URL="https://www.ubuntu.com/"

.. contents:: :depth: 2

